// Jest Snapshot v1, https://goo.gl/fbAQLP

exports[`matches snapshot 1`] = `
<DocumentFragment>
  <div
    class="congratulations"
  >
    <div
      class="wrapper"
    >
      <h1
        class="title"
      >
        <svg
          class="stars"
          fill="none"
          height="24"
          stroke="currentColor"
          viewBox="0 0 24 24"
          width="24"
          xmlns="http://www.w3.org/2000/svg"
        >
          <path
            d="M5 3v4M3 5h4M6 17v4m-2-2h4m5-16l2.286 6.857L21 12l-5.714 2.143L13 21l-2.286-6.857L5 12l5.714-2.143L13 3z"
            stroke-linecap="round"
            stroke-linejoin="round"
            stroke-width="2"
          />
        </svg>
        <span>
          Congratulations!
        </span>
      </h1>
      <p
        class="explanation"
      >
        You're about to lower your monthly auto loan payment! A loan officer will reach out to you shortly to discuss the final steps and confirm the loan offer.
      </p>
    </div>
  </div>
</DocumentFragment>
`;
