// Jest Snapshot v1, https://goo.gl/fbAQLP

exports[`matches snapshot 1`] = `
<DocumentFragment>
  <div
    class="offers"
  >
    <div>
      <div
        class="titleWrapper"
      >
        <div>
          <a
            href="/"
          >
            <svg
              fill="none"
              height="24"
              stroke="#000000"
              viewBox="0 0 24 24"
              width="24"
              xmlns="http://www.w3.org/2000/svg"
            >
              <path
                d="M11 17l-5-5m0 0l5-5m-5 5h12"
                stroke-linecap="round"
                stroke-linejoin="round"
                stroke-width="2"
              />
            </svg>
          </a>
          <div
            class="title"
          >
            <span
              class="textImportant"
            >
              Select a new loan
            </span>
             for the 2019 HONDA ACCORD
          </div>
        </div>
      </div>
      <form>
        <div
          class="offersWrapper"
        >
          <div
            class="offer"
          >
            <label
              class="loanInfo"
            >
              <span
                class="discount textImportant"
              >
                Lower you payment by 94.74 per month
              </span>
              <input
                class="radio"
                name="offer"
                type="radio"
              />
            </label>
            <div
              class="loanInfo"
            >
              <div>
                APR
              </div>
              <div
                class="textImportant"
              >
                7.10%
              </div>
            </div>
            <hr />
            <div
              class="loanInfo"
            >
              <div>
                Monthly payment
              </div>
              <div
                class="textImportant"
              >
                $282.76
              </div>
            </div>
            <hr />
            <div
              class="loanInfo"
            >
              <div>
                Time remaining
              </div>
              <div
                class="textImportant"
              >
                84 mo
              </div>
            </div>
          </div>
          <div
            class="offer"
          >
            <label
              class="loanInfo"
            >
              <span
                class="discount textImportant"
              >
                Lower you payment by 66.81 per month
              </span>
              <input
                class="radio"
                name="offer"
                type="radio"
              />
            </label>
            <div
              class="loanInfo"
            >
              <div>
                APR
              </div>
              <div
                class="textImportant"
              >
                7.10%
              </div>
            </div>
            <hr />
            <div
              class="loanInfo"
            >
              <div>
                Monthly payment
              </div>
              <div
                class="textImportant"
              >
                $310.69
              </div>
            </div>
            <hr />
            <div
              class="loanInfo"
            >
              <div>
                Time remaining
              </div>
              <div
                class="textImportant"
              >
                72 mo
              </div>
            </div>
          </div>
          <div
            class="offer"
          >
            <label
              class="loanInfo"
            >
              <span
                class="discount textImportant"
              >
                Lower you payment by 26.92 per month
              </span>
              <input
                class="radio"
                name="offer"
                type="radio"
              />
            </label>
            <div
              class="loanInfo"
            >
              <div>
                APR
              </div>
              <div
                class="textImportant"
              >
                7.10%
              </div>
            </div>
            <hr />
            <div
              class="loanInfo"
            >
              <div>
                Monthly payment
              </div>
              <div
                class="textImportant"
              >
                $350.58
              </div>
            </div>
            <hr />
            <div
              class="loanInfo"
            >
              <div>
                Time remaining
              </div>
              <div
                class="textImportant"
              >
                60 mo
              </div>
            </div>
          </div>
        </div>
        <div
          class="btnWrapper"
        >
          <button
            class="btn"
            type="submit"
          >
            Finish
          </button>
        </div>
      </form>
    </div>
  </div>
</DocumentFragment>
`;

exports[`matches snapshot when expection 1`] = `<DocumentFragment />`;
